// Jest Snapshot v1, https://goo.gl/fbAQLP

exports[`it works 1`] = `
<div
  className=""
>
  <p
    onClick={[Function]}
  >
    Click me
  </p>
  <p>
    
  </p>
</div>
`;
